2026-02-01 15:28:18.213 [main] INFO  com.filemanager.backend.Application - Starting Application v1.0.0 using Java 1.8.0_452 on hrcao-mac-mini.local with PID 79255 (/Users/hrcao/Documents/MusicManagerPlus/backend/target/backend-1.0.0.jar started by hrcao in /Users/hrcao/Documents/MusicManagerPlus/backend)
2026-02-01 15:28:18.213 [main] INFO  com.filemanager.backend.Application - No active profile set, falling back to 1 default profile: "default"
2026-02-01 15:28:18.653 [main] INFO  o.a.catalina.core.StandardService - Starting service [Tomcat]
2026-02-01 15:28:18.653 [main] INFO  o.a.catalina.core.StandardEngine - Starting Servlet engine: [Apache Tomcat/9.0.83]
2026-02-01 15:28:18.684 [main] INFO  o.a.c.c.C.[Tomcat].[localhost].[/] - Initializing Spring embedded WebApplicationContext
2026-02-01 15:28:18.762 [main] WARN  o.s.b.a.s.s.UserDetailsServiceAutoConfiguration - 

Using generated security password: 6226c5b8-fc97-4d2d-a89e-e261e53222cf

This generated password is for development use only. Your security configuration must be updated before running your application in production.

2026-02-01 15:28:18.941 [main] WARN  o.s.b.w.s.c.AnnotationConfigServletWebServerApplicationContext - Exception encountered during context initialization - cancelling refresh attempt: org.springframework.context.ApplicationContextException: Failed to start bean 'webServerStartStop'; nested exception is org.springframework.boot.web.server.PortInUseException: Port 8080 is already in use
2026-02-01 15:28:18.942 [main] INFO  o.a.catalina.core.StandardService - Stopping service [Tomcat]
2026-02-01 15:28:18.952 [main] ERROR o.s.b.d.LoggingFailureAnalysisReporter - 

***************************
APPLICATION FAILED TO START
***************************

Description:

Web server failed to start. Port 8080 was already in use.

Action:

Identify and stop the process that's listening on port 8080 or configure this application to listen on another port.

2026-02-01 15:29:20.013 [main] INFO  com.filemanager.backend.Application - Starting Application v1.0.0 using Java 1.8.0_452 on hrcao-mac-mini.local with PID 80252 (/Users/hrcao/Documents/MusicManagerPlus/backend/target/backend-1.0.0.jar started by hrcao in /Users/hrcao/Documents/MusicManagerPlus/backend)
2026-02-01 15:29:20.014 [main] INFO  com.filemanager.backend.Application - No active profile set, falling back to 1 default profile: "default"
2026-02-01 15:29:20.427 [main] INFO  o.a.catalina.core.StandardService - Starting service [Tomcat]
2026-02-01 15:29:20.428 [main] INFO  o.a.catalina.core.StandardEngine - Starting Servlet engine: [Apache Tomcat/9.0.83]
2026-02-01 15:29:20.454 [main] INFO  o.a.c.c.C.[Tomcat].[localhost].[/] - Initializing Spring embedded WebApplicationContext
2026-02-01 15:29:20.542 [main] WARN  o.s.b.a.s.s.UserDetailsServiceAutoConfiguration - 

Using generated security password: 0af51d6c-0f6b-4f8b-b0f2-c33a42797cf3

This generated password is for development use only. Your security configuration must be updated before running your application in production.

2026-02-01 15:29:20.758 [main] INFO  com.filemanager.backend.Application - Started Application in 0.95 seconds (JVM running for 1.131)
2026-02-01 15:29:40.435 [http-nio-8080-exec-1] INFO  o.a.c.c.C.[Tomcat].[localhost].[/] - Initializing Spring DispatcherServlet 'dispatcherServlet'
